\BOOKMARK [0][-]{chapter*.1}{\376\377\000D\000o\000c\000u\000m\000e\000n\000t\000\040\000C\000o\000n\000t\000r\000o\000l\000\040\000D\000a\000t\000a\000\040\000S\000h\000e\000e\000t}{}% 1
\BOOKMARK [0][-]{chapter.1}{\376\377\000I\000n\000t\000r\000o\000d\000u\000c\000t\000i\000o\000n}{}% 2
\BOOKMARK [1][-]{section.1.1}{\376\377\000P\000u\000r\000p\000o\000s\000e}{chapter.1}% 3
\BOOKMARK [1][-]{section.1.2}{\376\377\000P\000r\000o\000j\000e\000c\000t\000\040\000O\000v\000e\000r\000v\000i\000e\000w}{chapter.1}% 4
\BOOKMARK [1][-]{section.1.3}{\376\377\000S\000c\000o\000p\000e}{chapter.1}% 5
\BOOKMARK [1][-]{section.1.4}{\376\377\000D\000e\000f\000i\000n\000i\000t\000i\000o\000n\000s\000,\000\040\000A\000c\000r\000o\000n\000y\000m\000s\000,\000\040\000a\000n\000d\000\040\000A\000b\000b\000r\000e\000v\000i\000a\000t\000i\000o\000n\000s}{chapter.1}% 6
\BOOKMARK [1][-]{section.1.5}{\376\377\000R\000e\000f\000e\000r\000e\000n\000c\000e\000s}{chapter.1}% 7
\BOOKMARK [1][-]{section.1.6}{\376\377\000O\000v\000e\000r\000v\000i\000e\000w\000\040\000o\000f\000\040\000t\000h\000e\000\040\000R\000e\000p\000o\000r\000t}{chapter.1}% 8
\BOOKMARK [0][-]{chapter.2}{\376\377\000O\000v\000e\000r\000a\000l\000l\000\040\000D\000e\000s\000c\000r\000i\000p\000t\000i\000o\000n}{}% 9
\BOOKMARK [1][-]{section.2.1}{\376\377\000P\000r\000o\000d\000u\000c\000t\000\040\000P\000e\000r\000s\000p\000e\000c\000t\000i\000v\000e}{chapter.2}% 10
\BOOKMARK [1][-]{section.2.2}{\376\377\000P\000r\000o\000d\000u\000c\000t\000\040\000F\000u\000n\000c\000t\000i\000o\000n\000s}{chapter.2}% 11
\BOOKMARK [1][-]{section.2.3}{\376\377\000U\000s\000e\000r\000\040\000C\000l\000a\000s\000s\000e\000s\000\040\000a\000n\000d\000\040\000C\000h\000a\000r\000a\000c\000t\000e\000r\000i\000s\000t\000i\000c\000s}{chapter.2}% 12
\BOOKMARK [1][-]{section.2.4}{\376\377\000O\000p\000e\000r\000a\000t\000i\000n\000g\000\040\000E\000n\000v\000i\000r\000o\000n\000m\000e\000n\000t}{chapter.2}% 13
\BOOKMARK [1][-]{section.2.5}{\376\377\000D\000e\000s\000i\000g\000n\000\040\000a\000n\000d\000\040\000I\000m\000p\000l\000e\000m\000e\000n\000t\000a\000t\000i\000o\000n\000\040\000C\000o\000n\000s\000t\000r\000a\000i\000n\000t\000s}{chapter.2}% 14
\BOOKMARK [1][-]{section.2.6}{\376\377\000A\000s\000s\000u\000m\000p\000t\000i\000o\000n\000s\000\040\000a\000n\000d\000\040\000D\000e\000p\000e\000n\000d\000e\000n\000c\000i\000e\000s}{chapter.2}% 15
\BOOKMARK [0][-]{chapter.3}{\376\377\000R\000e\000q\000u\000i\000r\000e\000m\000e\000n\000t\000s\000\040\000S\000p\000e\000c\000i\000f\000i\000c\000a\000t\000i\000o\000n}{}% 16
\BOOKMARK [1][-]{section.3.1}{\376\377\000E\000x\000t\000e\000r\000n\000a\000l\000\040\000I\000n\000t\000e\000r\000f\000a\000c\000e\000\040\000R\000e\000q\000u\000i\000r\000e\000m\000e\000n\000t\000s}{chapter.3}% 17
\BOOKMARK [2][-]{subsection.3.1.1}{\376\377\000U\000s\000e\000r\000\040\000I\000n\000t\000e\000r\000f\000a\000c\000e\000s}{section.3.1}% 18
\BOOKMARK [2][-]{subsection.3.1.2}{\376\377\000H\000a\000r\000d\000w\000a\000r\000e\000\040\000I\000n\000t\000e\000r\000f\000a\000c\000e\000s}{section.3.1}% 19
\BOOKMARK [2][-]{subsection.3.1.3}{\376\377\000S\000o\000f\000t\000w\000a\000r\000e\000\040\000I\000n\000t\000e\000r\000f\000a\000c\000e\000s}{section.3.1}% 20
\BOOKMARK [2][-]{subsection.3.1.4}{\376\377\000C\000o\000m\000m\000u\000n\000i\000c\000a\000t\000i\000o\000n\000\040\000I\000n\000t\000e\000r\000f\000a\000c\000e\000s}{section.3.1}% 21
\BOOKMARK [1][-]{section.3.2}{\376\377\000F\000u\000n\000c\000t\000i\000o\000n\000a\000l\000\040\000R\000e\000q\000u\000i\000r\000e\000m\000e\000n\000t\000s}{chapter.3}% 22
\BOOKMARK [2][-]{subsection.3.2.1}{\376\377\000F\000R\000-\0000\0001\000:\000\040\000A\000I\000\040\000B\000u\000t\000t\000o\000n\000\040\000I\000n\000t\000e\000g\000r\000a\000t\000i\000o\000n}{section.3.2}% 23
\BOOKMARK [2][-]{subsection.3.2.2}{\376\377\000F\000R\000-\0000\0002\000:\000\040\000C\000D\000P\000\040\000A\000l\000w\000a\000y\000s\000-\000O\000n}{section.3.2}% 24
\BOOKMARK [2][-]{subsection.3.2.3}{\376\377\000F\000R\000-\0000\0003\000:\000\040\000N\000a\000t\000u\000r\000a\000l\000\040\000L\000a\000n\000g\000u\000a\000g\000e\000\040\000C\000o\000m\000m\000a\000n\000d\000\040\000P\000r\000o\000c\000e\000s\000s\000i\000n\000g}{section.3.2}% 25
\BOOKMARK [2][-]{subsection.3.2.4}{\376\377\000F\000R\000-\0000\0004\000:\000\040\000V\000o\000i\000c\000e\000\040\000C\000o\000m\000m\000a\000n\000d\000\040\000I\000n\000p\000u\000t}{section.3.2}% 26
\BOOKMARK [2][-]{subsection.3.2.5}{\376\377\000F\000R\000-\0000\0005\000:\000\040\000T\000a\000b\000\040\000M\000a\000n\000a\000g\000e\000m\000e\000n\000t}{section.3.2}% 27
\BOOKMARK [2][-]{subsection.3.2.6}{\376\377\000F\000R\000-\0000\0006\000:\000\040\000P\000a\000g\000e\000\040\000C\000o\000n\000t\000e\000n\000t\000\040\000E\000x\000t\000r\000a\000c\000t\000i\000o\000n\000\040\000a\000n\000d\000\040\000S\000u\000m\000m\000a\000r\000i\000s\000a\000t\000i\000o\000n}{section.3.2}% 28
\BOOKMARK [2][-]{subsection.3.2.7}{\376\377\000F\000R\000-\0000\0007\000:\000\040\000F\000o\000r\000m\000\040\000A\000u\000t\000o\000-\000F\000i\000l\000l}{section.3.2}% 29
\BOOKMARK [2][-]{subsection.3.2.8}{\376\377\000F\000R\000-\0000\0008\000:\000\040\000P\000r\000i\000v\000a\000c\000y\000-\000F\000i\000r\000s\000t\000\040\000L\000o\000c\000a\000l\000\040\000P\000r\000o\000c\000e\000s\000s\000i\000n\000g}{section.3.2}% 30
\BOOKMARK [0][-]{chapter.4}{\376\377\000S\000y\000s\000t\000e\000m\000\040\000F\000e\000a\000t\000u\000r\000e\000s}{}% 31
\BOOKMARK [1][-]{section.4.1}{\376\377\000F\000e\000a\000t\000u\000r\000e\000\040\0001\000:\000\040\000P\000r\000i\000s\000m\000\040\000A\000I\000\040\000T\000o\000o\000l\000b\000a\000r\000\040\000B\000u\000t\000t\000o\000n}{chapter.4}% 32
\BOOKMARK [2][-]{subsection.4.1.1}{\376\377\000D\000e\000s\000c\000r\000i\000p\000t\000i\000o\000n\000\040\000a\000n\000d\000\040\000P\000r\000i\000o\000r\000i\000t\000y}{section.4.1}% 33
\BOOKMARK [2][-]{subsection.4.1.2}{\376\377\000I\000m\000p\000l\000e\000m\000e\000n\000t\000a\000t\000i\000o\000n\000\040\000D\000e\000t\000a\000i\000l\000s}{section.4.1}% 34
\BOOKMARK [2][-]{subsection.4.1.3}{\376\377\000F\000u\000n\000c\000t\000i\000o\000n\000a\000l\000\040\000R\000e\000q\000u\000i\000r\000e\000m\000e\000n\000t\000s\000\040\000S\000u\000p\000p\000o\000r\000t\000e\000d}{section.4.1}% 35
\BOOKMARK [1][-]{section.4.2}{\376\377\000F\000e\000a\000t\000u\000r\000e\000\040\0002\000:\000\040\000A\000l\000w\000a\000y\000s\000-\000O\000n\000\040\000C\000h\000r\000o\000m\000e\000\040\000D\000e\000v\000T\000o\000o\000l\000s\000\040\000P\000r\000o\000t\000o\000c\000o\000l\000\040\000\050\000C\000D\000P\000\051}{chapter.4}% 36
\BOOKMARK [2][-]{subsection.4.2.1}{\376\377\000D\000e\000s\000c\000r\000i\000p\000t\000i\000o\000n\000\040\000a\000n\000d\000\040\000P\000r\000i\000o\000r\000i\000t\000y}{section.4.2}% 37
\BOOKMARK [2][-]{subsection.4.2.2}{\376\377\000I\000m\000p\000l\000e\000m\000e\000n\000t\000a\000t\000i\000o\000n\000\040\000D\000e\000t\000a\000i\000l\000s}{section.4.2}% 38
\BOOKMARK [2][-]{subsection.4.2.3}{\376\377\000F\000u\000n\000c\000t\000i\000o\000n\000a\000l\000\040\000R\000e\000q\000u\000i\000r\000e\000m\000e\000n\000t\000s\000\040\000S\000u\000p\000p\000o\000r\000t\000e\000d}{section.4.2}% 39
\BOOKMARK [1][-]{section.4.3}{\376\377\000F\000e\000a\000t\000u\000r\000e\000\040\0003\000:\000\040\000A\000I\000\040\000A\000g\000e\000n\000t\000\040\000B\000a\000c\000k\000e\000n\000d}{chapter.4}% 40
\BOOKMARK [2][-]{subsection.4.3.1}{\376\377\000D\000e\000s\000c\000r\000i\000p\000t\000i\000o\000n\000\040\000a\000n\000d\000\040\000P\000r\000i\000o\000r\000i\000t\000y}{section.4.3}% 41
\BOOKMARK [2][-]{subsection.4.3.2}{\376\377\000I\000m\000p\000l\000e\000m\000e\000n\000t\000a\000t\000i\000o\000n\000\040\000D\000e\000t\000a\000i\000l\000s}{section.4.3}% 42
\BOOKMARK [2][-]{subsection.4.3.3}{\376\377\000F\000u\000n\000c\000t\000i\000o\000n\000a\000l\000\040\000R\000e\000q\000u\000i\000r\000e\000m\000e\000n\000t\000s\000\040\000S\000u\000p\000p\000o\000r\000t\000e\000d}{section.4.3}% 43
\BOOKMARK [1][-]{section.4.4}{\376\377\000F\000e\000a\000t\000u\000r\000e\000\040\0004\000:\000\040\000V\000o\000i\000c\000e\000-\000t\000o\000-\000T\000e\000x\000t\000\040\000I\000n\000p\000u\000t}{chapter.4}% 44
\BOOKMARK [2][-]{subsection.4.4.1}{\376\377\000D\000e\000s\000c\000r\000i\000p\000t\000i\000o\000n\000\040\000a\000n\000d\000\040\000P\000r\000i\000o\000r\000i\000t\000y}{section.4.4}% 45
\BOOKMARK [2][-]{subsection.4.4.2}{\376\377\000I\000m\000p\000l\000e\000m\000e\000n\000t\000a\000t\000i\000o\000n\000\040\000D\000e\000t\000a\000i\000l\000s}{section.4.4}% 46
\BOOKMARK [2][-]{subsection.4.4.3}{\376\377\000F\000u\000n\000c\000t\000i\000o\000n\000a\000l\000\040\000R\000e\000q\000u\000i\000r\000e\000m\000e\000n\000t\000s\000\040\000S\000u\000p\000p\000o\000r\000t\000e\000d}{section.4.4}% 47
\BOOKMARK [1][-]{section.4.5}{\376\377\000F\000e\000a\000t\000u\000r\000e\000\040\0005\000:\000\040\000C\000o\000n\000t\000e\000n\000t\000\040\000S\000u\000m\000m\000a\000r\000i\000s\000a\000t\000i\000o\000n\000\040\000a\000n\000d\000\040\000Q\000\046\000A}{chapter.4}% 48
\BOOKMARK [2][-]{subsection.4.5.1}{\376\377\000D\000e\000s\000c\000r\000i\000p\000t\000i\000o\000n\000\040\000a\000n\000d\000\040\000P\000r\000i\000o\000r\000i\000t\000y}{section.4.5}% 49
\BOOKMARK [2][-]{subsection.4.5.2}{\376\377\000I\000m\000p\000l\000e\000m\000e\000n\000t\000a\000t\000i\000o\000n\000\040\000D\000e\000t\000a\000i\000l\000s}{section.4.5}% 50
\BOOKMARK [2][-]{subsection.4.5.3}{\376\377\000F\000u\000n\000c\000t\000i\000o\000n\000a\000l\000\040\000R\000e\000q\000u\000i\000r\000e\000m\000e\000n\000t\000s\000\040\000S\000u\000p\000p\000o\000r\000t\000e\000d}{section.4.5}% 51
\BOOKMARK [1][-]{section.4.6}{\376\377\000F\000e\000a\000t\000u\000r\000e\000\040\0006\000:\000\040\000C\000h\000r\000o\000m\000i\000u\000m\000\040\000R\000e\000b\000r\000a\000n\000d\000i\000n\000g\000\040\000t\000o\000\040\000P\000r\000i\000s\000m}{chapter.4}% 52
\BOOKMARK [2][-]{subsection.4.6.1}{\376\377\000D\000e\000s\000c\000r\000i\000p\000t\000i\000o\000n\000\040\000a\000n\000d\000\040\000P\000r\000i\000o\000r\000i\000t\000y}{section.4.6}% 53
\BOOKMARK [2][-]{subsection.4.6.2}{\376\377\000I\000m\000p\000l\000e\000m\000e\000n\000t\000a\000t\000i\000o\000n\000\040\000D\000e\000t\000a\000i\000l\000s}{section.4.6}% 54
\BOOKMARK [2][-]{subsection.4.6.3}{\376\377\000F\000u\000n\000c\000t\000i\000o\000n\000a\000l\000\040\000R\000e\000q\000u\000i\000r\000e\000m\000e\000n\000t\000s\000\040\000S\000u\000p\000p\000o\000r\000t\000e\000d}{section.4.6}% 55
\BOOKMARK [1][-]{section.4.7}{\376\377\000F\000e\000a\000t\000u\000r\000e\000\040\0008\000:\000\040\000P\000r\000i\000s\000m\000\040\000H\000o\000m\000e\000p\000a\000g\000e\000\040\000D\000e\000v\000S\000p\000a\000c\000e}{chapter.4}% 56
\BOOKMARK [2][-]{subsection.4.7.1}{\376\377\000D\000e\000s\000c\000r\000i\000p\000t\000i\000o\000n\000\040\000a\000n\000d\000\040\000P\000r\000i\000o\000r\000i\000t\000y}{section.4.7}% 57
\BOOKMARK [2][-]{subsection.4.7.2}{\376\377\000O\000v\000e\000r\000v\000i\000e\000w}{section.4.7}% 58
\BOOKMARK [2][-]{subsection.4.7.3}{\376\377\000K\000e\000y\000\040\000S\000u\000b\000-\000F\000e\000a\000t\000u\000r\000e\000s}{section.4.7}% 59
\BOOKMARK [2][-]{subsection.4.7.4}{\376\377\000I\000m\000p\000l\000e\000m\000e\000n\000t\000a\000t\000i\000o\000n\000\040\000D\000e\000t\000a\000i\000l\000s}{section.4.7}% 60
\BOOKMARK [2][-]{subsection.4.7.5}{\376\377\000F\000u\000n\000c\000t\000i\000o\000n\000a\000l\000\040\000R\000e\000q\000u\000i\000r\000e\000m\000e\000n\000t\000s\000\040\000S\000u\000p\000p\000o\000r\000t\000e\000d}{section.4.7}% 61
\BOOKMARK [1][-]{section.4.8}{\376\377\000F\000e\000a\000t\000u\000r\000e\000\040\0009\000:\000\040\000A\000u\000r\000a\000\040\000A\000I\000\040\000C\000h\000a\000t\000\040\000\050\000w\000i\000t\000h\000\040\000I\000m\000a\000g\000e\000\040\000G\000e\000n\000e\000r\000a\000t\000i\000o\000n\000\051}{chapter.4}% 62
\BOOKMARK [2][-]{subsection.4.8.1}{\376\377\000D\000e\000s\000c\000r\000i\000p\000t\000i\000o\000n\000\040\000a\000n\000d\000\040\000P\000r\000i\000o\000r\000i\000t\000y}{section.4.8}% 63
\BOOKMARK [2][-]{subsection.4.8.2}{\376\377\000O\000v\000e\000r\000v\000i\000e\000w}{section.4.8}% 64
\BOOKMARK [2][-]{subsection.4.8.3}{\376\377\000A\000I\000\040\000M\000o\000d\000e\000l\000s\000\040\000S\000u\000p\000p\000o\000r\000t\000e\000d}{section.4.8}% 65
\BOOKMARK [2][-]{subsection.4.8.4}{\376\377\000A\000I\000\040\000I\000m\000a\000g\000e\000\040\000G\000e\000n\000e\000r\000a\000t\000i\000o\000n}{section.4.8}% 66
\BOOKMARK [2][-]{subsection.4.8.5}{\376\377\000A\000g\000e\000n\000t\000i\000c\000\040\000T\000a\000s\000k\000\040\000E\000x\000e\000c\000u\000t\000i\000o\000n}{section.4.8}% 67
\BOOKMARK [2][-]{subsection.4.8.6}{\376\377\000C\000o\000n\000v\000e\000r\000s\000a\000t\000i\000o\000n\000\040\000H\000i\000s\000t\000o\000r\000y\000\040\000M\000a\000n\000a\000g\000e\000m\000e\000n\000t}{section.4.8}% 68
\BOOKMARK [2][-]{subsection.4.8.7}{\376\377\000M\000e\000m\000o\000r\000y\000\040\000I\000n\000t\000e\000g\000r\000a\000t\000i\000o\000n}{section.4.8}% 69
\BOOKMARK [2][-]{subsection.4.8.8}{\376\377\000E\000r\000r\000o\000r\000\040\000H\000a\000n\000d\000l\000i\000n\000g\000\040\000a\000n\000d\000\040\000R\000e\000l\000i\000a\000b\000i\000l\000i\000t\000y}{section.4.8}% 70
\BOOKMARK [2][-]{subsection.4.8.9}{\376\377\000I\000m\000p\000l\000e\000m\000e\000n\000t\000a\000t\000i\000o\000n\000\040\000D\000e\000t\000a\000i\000l\000s}{section.4.8}% 71
\BOOKMARK [2][-]{subsection.4.8.10}{\376\377\000F\000u\000n\000c\000t\000i\000o\000n\000a\000l\000\040\000R\000e\000q\000u\000i\000r\000e\000m\000e\000n\000t\000s\000\040\000S\000u\000p\000p\000o\000r\000t\000e\000d}{section.4.8}% 72
\BOOKMARK [1][-]{section.4.9}{\376\377\000F\000e\000a\000t\000u\000r\000e\000\040\0007\000:\000\040\000P\000a\000t\000c\000h\000-\000B\000a\000s\000e\000d\000\040\000B\000u\000i\000l\000d\000\040\000a\000n\000d\000\040\000D\000i\000s\000t\000r\000i\000b\000u\000t\000i\000o\000n\000\040\000S\000y\000s\000t\000e\000m}{chapter.4}% 73
\BOOKMARK [2][-]{subsection.4.9.1}{\376\377\000D\000e\000s\000c\000r\000i\000p\000t\000i\000o\000n\000\040\000a\000n\000d\000\040\000P\000r\000i\000o\000r\000i\000t\000y}{section.4.9}% 74
\BOOKMARK [2][-]{subsection.4.9.2}{\376\377\000I\000m\000p\000l\000e\000m\000e\000n\000t\000a\000t\000i\000o\000n\000\040\000D\000e\000t\000a\000i\000l\000s}{section.4.9}% 75
\BOOKMARK [2][-]{subsection.4.9.3}{\376\377\000F\000u\000n\000c\000t\000i\000o\000n\000a\000l\000\040\000R\000e\000q\000u\000i\000r\000e\000m\000e\000n\000t\000s\000\040\000S\000u\000p\000p\000o\000r\000t\000e\000d}{section.4.9}% 76
\BOOKMARK [0][-]{chapter.5}{\376\377\000O\000t\000h\000e\000r\000\040\000N\000o\000n\000-\000F\000u\000n\000c\000t\000i\000o\000n\000a\000l\000\040\000R\000e\000q\000u\000i\000r\000e\000m\000e\000n\000t\000s}{}% 77
\BOOKMARK [1][-]{section.5.1}{\376\377\000P\000e\000r\000f\000o\000r\000m\000a\000n\000c\000e\000\040\000R\000e\000q\000u\000i\000r\000e\000m\000e\000n\000t\000s}{chapter.5}% 78
\BOOKMARK [1][-]{section.5.2}{\376\377\000S\000a\000f\000e\000t\000y\000\040\000R\000e\000q\000u\000i\000r\000e\000m\000e\000n\000t\000s}{chapter.5}% 79
\BOOKMARK [1][-]{section.5.3}{\376\377\000S\000e\000c\000u\000r\000i\000t\000y\000\040\000R\000e\000q\000u\000i\000r\000e\000m\000e\000n\000t\000s}{chapter.5}% 80
\BOOKMARK [1][-]{section.5.4}{\376\377\000S\000o\000f\000t\000w\000a\000r\000e\000\040\000Q\000u\000a\000l\000i\000t\000y\000\040\000A\000t\000t\000r\000i\000b\000u\000t\000e\000s}{chapter.5}% 81
\BOOKMARK [2][-]{subsection.5.4.1}{\376\377\000R\000e\000l\000i\000a\000b\000i\000l\000i\000t\000y}{section.5.4}% 82
\BOOKMARK [2][-]{subsection.5.4.2}{\376\377\000M\000a\000i\000n\000t\000a\000i\000n\000a\000b\000i\000l\000i\000t\000y}{section.5.4}% 83
\BOOKMARK [2][-]{subsection.5.4.3}{\376\377\000U\000s\000a\000b\000i\000l\000i\000t\000y}{section.5.4}% 84
\BOOKMARK [2][-]{subsection.5.4.4}{\376\377\000P\000o\000r\000t\000a\000b\000i\000l\000i\000t\000y}{section.5.4}% 85
\BOOKMARK [2][-]{subsection.5.4.5}{\376\377\000E\000x\000t\000e\000n\000s\000i\000b\000i\000l\000i\000t\000y}{section.5.4}% 86
\BOOKMARK [1][-]{section.5.5}{\376\377\000B\000u\000s\000i\000n\000e\000s\000s\000\040\000R\000u\000l\000e\000s}{chapter.5}% 87
\BOOKMARK [0][-]{chapter.6}{\376\377\000U\000M\000L\000\040\000D\000i\000a\000g\000r\000a\000m\000s}{}% 88
\BOOKMARK [1][-]{section.6.1}{\376\377\000U\000s\000e\000\040\000C\000a\000s\000e\000\040\000D\000i\000a\000g\000r\000a\000m}{chapter.6}% 89
\BOOKMARK [1][-]{section.6.2}{\376\377\000C\000l\000a\000s\000s\000\040\000D\000i\000a\000g\000r\000a\000m}{chapter.6}% 90
\BOOKMARK [1][-]{section.6.3}{\376\377\000S\000e\000q\000u\000e\000n\000c\000e\000\040\000D\000i\000a\000g\000r\000a\000m}{chapter.6}% 91
\BOOKMARK [1][-]{section.6.4}{\376\377\000S\000t\000a\000t\000e\000\040\000C\000h\000a\000r\000t\000\040\000D\000i\000a\000g\000r\000a\000m}{chapter.6}% 92
\BOOKMARK [1][-]{section.6.5}{\376\377\000F\000l\000o\000w\000c\000h\000a\000r\000t\000\040\000D\000i\000a\000g\000r\000a\000m}{chapter.6}% 93
\BOOKMARK [0][-]{chapter.7}{\376\377\000T\000e\000s\000t\000i\000n\000g\000\040\000a\000n\000d\000\040\000C\000I\000/\000C\000D}{}% 94
\BOOKMARK [1][-]{section.7.1}{\376\377\000O\000v\000e\000r\000v\000i\000e\000w\000\040\000o\000f\000\040\000T\000e\000s\000t\000i\000n\000g\000\040\000S\000t\000r\000a\000t\000e\000g\000y}{chapter.7}% 95
\BOOKMARK [1][-]{section.7.2}{\376\377\000U\000n\000i\000t\000\040\000T\000e\000s\000t\000i\000n\000g}{chapter.7}% 96
\BOOKMARK [2][-]{subsection.7.2.1}{\376\377\000B\000r\000o\000w\000s\000e\000r\000\040\000L\000a\000y\000e\000r\000\040\000\050\000C\000+\000+\000\051}{section.7.2}% 97
\BOOKMARK [2][-]{subsection.7.2.2}{\376\377\000A\000I\000\040\000A\000g\000e\000n\000t\000\040\000B\000a\000c\000k\000e\000n\000d\000\040\000\050\000P\000y\000t\000h\000o\000n\000\051}{section.7.2}% 98
\BOOKMARK [2][-]{subsection.7.2.3}{\376\377\000A\000u\000r\000a\000\040\000A\000I\000\040\000C\000h\000a\000t\000\040\000F\000r\000o\000n\000t\000e\000n\000d\000\040\000\050\000J\000a\000v\000a\000S\000c\000r\000i\000p\000t\000\051}{section.7.2}% 99
\BOOKMARK [1][-]{section.7.3}{\376\377\000I\000n\000t\000e\000g\000r\000a\000t\000i\000o\000n\000\040\000T\000e\000s\000t\000i\000n\000g}{chapter.7}% 100
\BOOKMARK [2][-]{subsection.7.3.1}{\376\377\000B\000r\000o\000w\000s\000e\000r\000-\000t\000o\000-\000A\000g\000e\000n\000t\000\040\000I\000n\000t\000e\000g\000r\000a\000t\000i\000o\000n}{section.7.3}% 101
\BOOKMARK [2][-]{subsection.7.3.2}{\376\377\000C\000D\000P\000\040\000A\000v\000a\000i\000l\000a\000b\000i\000l\000i\000t\000y\000\040\000T\000e\000s\000t}{section.7.3}% 102
\BOOKMARK [2][-]{subsection.7.3.3}{\376\377\000H\000o\000m\000e\000p\000a\000g\000e\000\040\000D\000e\000v\000S\000p\000a\000c\000e\000\040\000I\000n\000t\000e\000g\000r\000a\000t\000i\000o\000n}{section.7.3}% 103
\BOOKMARK [1][-]{section.7.4}{\376\377\000S\000y\000s\000t\000e\000m\000\040\000a\000n\000d\000\040\000A\000c\000c\000e\000p\000t\000a\000n\000c\000e\000\040\000T\000e\000s\000t\000i\000n\000g}{chapter.7}% 104
\BOOKMARK [1][-]{section.7.5}{\376\377\000C\000I\000/\000C\000D\000\040\000P\000i\000p\000e\000l\000i\000n\000e\000\040\000f\000o\000r\000\040\000P\000r\000i\000s\000m\000\040\000B\000r\000o\000w\000s\000e\000r}{chapter.7}% 105
\BOOKMARK [2][-]{subsection.7.5.1}{\376\377\000P\000i\000p\000e\000l\000i\000n\000e\000\040\000A\000r\000c\000h\000i\000t\000e\000c\000t\000u\000r\000e}{section.7.5}% 106
\BOOKMARK [2][-]{subsection.7.5.2}{\376\377\000S\000t\000a\000g\000e\000\040\000D\000e\000t\000a\000i\000l\000s}{section.7.5}% 107
\BOOKMARK [2][-]{subsection.7.5.3}{\376\377\000K\000e\000y\000\040\000C\000I\000/\000C\000D\000\040\000P\000r\000o\000p\000e\000r\000t\000i\000e\000s}{section.7.5}% 108
\BOOKMARK [0][-]{chapter.8}{\376\377\000F\000u\000t\000u\000r\000e\000\040\000I\000m\000p\000l\000e\000m\000e\000n\000t\000a\000t\000i\000o\000n}{}% 109
\BOOKMARK [1][-]{section.8.1}{\376\377\000F\000u\000l\000l\000y\000\040\000O\000n\000-\000D\000e\000v\000i\000c\000e\000\040\000L\000L\000M\000\040\000v\000i\000a\000\040\000W\000e\000b\000A\000s\000s\000e\000m\000b\000l\000y}{chapter.8}% 110
\BOOKMARK [1][-]{section.8.2}{\376\377\000M\000u\000l\000t\000i\000-\000A\000g\000e\000n\000t\000\040\000C\000o\000o\000r\000d\000i\000n\000a\000t\000i\000o\000n}{chapter.8}% 111
\BOOKMARK [1][-]{section.8.3}{\376\377\000E\000n\000h\000a\000n\000c\000e\000d\000\040\000V\000o\000i\000c\000e\000\040\000I\000n\000t\000e\000r\000f\000a\000c\000e}{chapter.8}% 112
\BOOKMARK [1][-]{section.8.4}{\376\377\000P\000r\000i\000s\000m\000\040\000E\000x\000t\000e\000n\000s\000i\000o\000n\000\040\000S\000t\000o\000r\000e\000\040\000a\000n\000d\000\040\000P\000l\000u\000g\000i\000n\000\040\000A\000P\000I}{chapter.8}% 113
\BOOKMARK [1][-]{section.8.5}{\376\377\000A\000d\000v\000a\000n\000c\000e\000d\000\040\000I\000m\000a\000g\000e\000\040\000G\000e\000n\000e\000r\000a\000t\000i\000o\000n\000\040\000F\000e\000a\000t\000u\000r\000e\000s}{chapter.8}% 114
\BOOKMARK [1][-]{section.8.6}{\376\377\000H\000o\000m\000e\000p\000a\000g\000e\000\040\000D\000e\000v\000S\000p\000a\000c\000e\000\040\000E\000n\000h\000a\000n\000c\000e\000m\000e\000n\000t\000s}{chapter.8}% 115
\BOOKMARK [1][-]{section.8.7}{\376\377\000P\000r\000i\000v\000a\000c\000y\000\040\000a\000n\000d\000\040\000S\000e\000c\000u\000r\000i\000t\000y\000\040\000H\000a\000r\000d\000e\000n\000i\000n\000g}{chapter.8}% 116
\BOOKMARK [1][-]{section.8.8}{\376\377\000C\000r\000o\000s\000s\000-\000P\000l\000a\000t\000f\000o\000r\000m\000\040\000a\000n\000d\000\040\000M\000o\000b\000i\000l\000e\000\040\000S\000u\000p\000p\000o\000r\000t}{chapter.8}% 117
\BOOKMARK [1][-]{section.8.9}{\376\377\000A\000u\000t\000o\000m\000a\000t\000e\000d\000\040\000P\000a\000t\000c\000h\000\040\000R\000e\000b\000a\000s\000e\000\040\000T\000o\000o\000l\000i\000n\000g}{chapter.8}% 118
\BOOKMARK [0][-]{chapter.9}{\376\377\000C\000o\000n\000c\000l\000u\000s\000i\000o\000n}{}% 119
\BOOKMARK [1][-]{section.9.1}{\376\377\000S\000u\000m\000m\000a\000r\000y\000\040\000o\000f\000\040\000W\000o\000r\000k}{chapter.9}% 120
\BOOKMARK [1][-]{section.9.2}{\376\377\000K\000e\000y\000\040\000A\000c\000h\000i\000e\000v\000e\000m\000e\000n\000t\000s}{chapter.9}% 121
\BOOKMARK [1][-]{section.9.3}{\376\377\000C\000h\000a\000l\000l\000e\000n\000g\000e\000s\000\040\000O\000v\000e\000r\000c\000o\000m\000e}{chapter.9}% 122
\BOOKMARK [1][-]{section.9.4}{\376\377\000L\000e\000a\000r\000n\000i\000n\000g\000\040\000O\000u\000t\000c\000o\000m\000e\000s}{chapter.9}% 123
\BOOKMARK [1][-]{section.9.5}{\376\377\000C\000o\000n\000c\000l\000u\000s\000i\000o\000n}{chapter.9}% 124
